[0604/185907.290:INFO:CONSOLE:246] "
%cStop! font-family:helvetica; font-size:20px; font-size:50px; font-weight:bold; color:red; -webkit-text-stroke:1px black;", source: https://static.cdninstagram.com/rsrc.php/v4/y8/r/3h4YqOhE0YZ.js (246)
[0604/185907.292:INFO:CONSOLE:246] "
%cThis is a browser feature intended for developers. If someone told you to copy-paste something here to enable an Instagram feature or "hack" someone's account, it is a scam and will give them access to your Instagram account. font-family:helvetica; font-size:20px; ", source: https://static.cdninstagram.com/rsrc.php/v4/y8/r/3h4YqOhE0YZ.js (246)
[0604/185907.292:INFO:CONSOLE:246] "
%cSee https://www.facebook.com/selfxss for more information. font-family:helvetica; font-size:20px; ", source: https://static.cdninstagram.com/rsrc.php/v4/y8/r/3h4YqOhE0YZ.js (246)
[0604/185907.292:INFO:CONSOLE:246] "
%c ", source: https://static.cdninstagram.com/rsrc.php/v4/y8/r/3h4YqOhE0YZ.js (246)
[0604/185912.387:INFO:CONSOLE:246] "
%cStop! font-family:helvetica; font-size:20px; font-size:50px; font-weight:bold; color:red; -webkit-text-stroke:1px black;", source: https://static.cdninstagram.com/rsrc.php/v4/y8/r/3h4YqOhE0YZ.js (246)
[0604/185912.387:INFO:CONSOLE:246] "
%cThis is a browser feature intended for developers. If someone told you to copy-paste something here to enable an Instagram feature or "hack" someone's account, it is a scam and will give them access to your Instagram account. font-family:helvetica; font-size:20px; ", source: https://static.cdninstagram.com/rsrc.php/v4/y8/r/3h4YqOhE0YZ.js (246)
[0604/185912.387:INFO:CONSOLE:246] "
%cSee https://www.facebook.com/selfxss for more information. font-family:helvetica; font-size:20px; ", source: https://static.cdninstagram.com/rsrc.php/v4/y8/r/3h4YqOhE0YZ.js (246)
[0604/185912.387:INFO:CONSOLE:246] "
%c ", source: https://static.cdninstagram.com/rsrc.php/v4/y8/r/3h4YqOhE0YZ.js (246)
[0604/185915.652:INFO:CONSOLE:242] "Permissions policy violation: unload is not allowed in this document.", source: https://static.xx.fbcdn.net/rsrc.php/v4/yA/r/llpHPzBZ1ZW.js (242)
[0604/185935.002:INFO:CONSOLE:246] "
%cStop! font-family:helvetica; font-size:20px; font-size:50px; font-weight:bold; color:red; -webkit-text-stroke:1px black;", source: https://static.cdninstagram.com/rsrc.php/v4/y8/r/3h4YqOhE0YZ.js (246)
[0604/185935.002:INFO:CONSOLE:246] "
%cThis is a browser feature intended for developers. If someone told you to copy-paste something here to enable an Instagram feature or "hack" someone's account, it is a scam and will give them access to your Instagram account. font-family:helvetica; font-size:20px; ", source: https://static.cdninstagram.com/rsrc.php/v4/y8/r/3h4YqOhE0YZ.js (246)
[0604/185935.002:INFO:CONSOLE:246] "
%cSee https://www.facebook.com/selfxss for more information. font-family:helvetica; font-size:20px; ", source: https://static.cdninstagram.com/rsrc.php/v4/y8/r/3h4YqOhE0YZ.js (246)
[0604/185935.002:INFO:CONSOLE:246] "
%c ", source: https://static.cdninstagram.com/rsrc.php/v4/y8/r/3h4YqOhE0YZ.js (246)
[0604/185938.219:INFO:CONSOLE:242] "Permissions policy violation: unload is not allowed in this document.", source: https://static.xx.fbcdn.net/rsrc.php/v4/y8/r/3h4YqOhE0YZ.js (242)
[0604/185955.711:INFO:CONSOLE:246] "
%cStop! font-family:helvetica; font-size:20px; font-size:50px; font-weight:bold; color:red; -webkit-text-stroke:1px black;", source: https://static.cdninstagram.com/rsrc.php/v4/y8/r/3h4YqOhE0YZ.js (246)
[0604/185955.711:INFO:CONSOLE:246] "
%cThis is a browser feature intended for developers. If someone told you to copy-paste something here to enable an Instagram feature or "hack" someone's account, it is a scam and will give them access to your Instagram account. font-family:helvetica; font-size:20px; ", source: https://static.cdninstagram.com/rsrc.php/v4/y8/r/3h4YqOhE0YZ.js (246)
[0604/185955.711:INFO:CONSOLE:246] "
%cSee https://www.facebook.com/selfxss for more information. font-family:helvetica; font-size:20px; ", source: https://static.cdninstagram.com/rsrc.php/v4/y8/r/3h4YqOhE0YZ.js (246)
[0604/185955.712:INFO:CONSOLE:246] "
%c ", source: https://static.cdninstagram.com/rsrc.php/v4/y8/r/3h4YqOhE0YZ.js (246)
[0604/185958.919:INFO:CONSOLE:242] "Permissions policy violation: unload is not allowed in this document.", source: https://static.xx.fbcdn.net/rsrc.php/v4/yA/r/llpHPzBZ1ZW.js (242)
